$ cat in.txt
a	1
b	2
c	3
a	4
b	5
nullvaluewithtab	
nullvaluenotab
$ (hashsplit 2 out < in.txt)
$ cat out.0
a	1
c	3
a	4
$ cat out.1
b	2
b	5
nullvaluewithtab	
nullvaluenotab
