copyright missing: ./.gitignore
copyright missing: ./COPYRIGHT.rst
copyright missing: ./LICENSE
copyright missing: ./README.rst
tab(s) present:    ./bin/tsvgrep:1
copyright missing: ./lib/disco/README
tab(s) present:    ./lib/qr/scripting.py:6
tab(s) present:    ./lib/u.py:1
copyright missing: ./lib/unicodedata2.py
copyright missing: ./requirements.txt
copyright missing: ./sphinx/Makefile
copyright missing: ./sphinx/conf.py
tab(s) present:    ./sphinx/map_reduce.rst:1
copyright missing: ./tests/README
tab(s) present:    ./tests/standalone/contentnanny.script:1
tab(s) present:    ./tests/standalone/hashsplit.script:22
tab(s) present:    ./tests/standalone/quacreduce.script:1
copyright missing: ./tests/standalone/wp-access/README
copyright missing: ./tests/standalone/wp-access/ls-R.fulldata
copyright missing: ./tests/tmp/README
copyright missing: ./tests/twitter/README
