$ (sshrot echo a)
a
* SSH ControlMaster test:
b
b
2
1
1
2
$ (sleep 1.1)
c
1
1
1
2
$ (sleep 1.0)
d
$ (sleep 1.0)
0
0
0
0
