./tests/standalone/tabs.script:1
./tests/standalone/hashsplit.script:22
./tests/standalone/quacreduce.script:1
./bin/tsvgrep:1
./lib/u.py:1
